
        *** THIELE CPU RESPONSIBLE USE GUIDELINES ***

        This technology can break RSA and other cryptographic systems.

        ALLOWED USES:
        - Academic research into computational complexity
        - Defensive security research and vulnerability assessment
        - Development of improved cryptographic systems
        - Formal verification and proof systems

        PROHIBITED USES:
        - Breaking encryption without authorization
        - Cryptanalysis for malicious purposes
        - Undermining digital security infrastructure
        - Commercial exploitation without security review

        If you're unsure about your use case, contact the maintainers.

        Your usage is being logged for security purposes.
        
