\BOOKMARK [0][-]{part.6}{\376\377\0001\000\040\000T\000h\000e\000\040\000p\000i\000c\000t\000u\000r\000e}{}% 1
\BOOKMARK [1][-]{section.7}{\376\377\000H\000o\000w\000\040\000I\000\040\000g\000o\000t\000\040\000h\000e\000r\000e}{part.6}% 2
\BOOKMARK [1][-]{section.8}{\376\377\000W\000h\000a\000t\000\040\000s\000t\000r\000u\000c\000t\000u\000r\000e\000\040\000i\000s}{part.6}% 3
\BOOKMARK [0][-]{part.27}{\376\377\0002\000\040\000T\000h\000e\000\040\000a\000x\000i\000o\000m}{}% 4
\BOOKMARK [1][-]{section.28}{\376\377\000A\000\040\000r\000e\000c\000o\000r\000d\000\040\000a\000n\000d\000\040\000a\000\040\000t\000o\000l\000l}{part.27}% 5
\BOOKMARK [1][-]{section.37}{\376\377\000W\000h\000y\000\040\000t\000h\000e\000\040\000t\000o\000l\000l\000\040\000i\000s\000n\000'\000t\000\040\000a\000r\000b\000i\000t\000r\000a\000r\000y}{part.27}% 6
\BOOKMARK [1][-]{section.65}{\376\377\000L\000e\000a\000r\000n\000i\000n\000g\000\040\000i\000s\000\040\000f\000r\000e\000e\000,\000\040\000c\000o\000m\000m\000i\000t\000t\000i\000n\000g\000\040\000i\000s\000\040\000n\000o\000t}{part.27}% 7
\BOOKMARK [0][-]{part.77}{\376\377\0003\000\040\000T\000h\000e\000\040\000l\000o\000g\000i\000c}{}% 8
\BOOKMARK [1][-]{section.78}{\376\377\000T\000h\000e\000\040\000c\000o\000u\000n\000t\000e\000r}{part.77}% 9
\BOOKMARK [1][-]{section.90}{\376\377\000W\000i\000n\000d\000o\000w\000s\000\040\000a\000n\000d\000\040\000s\000h\000a\000d\000o\000w\000s}{part.77}% 10
\BOOKMARK [1][-]{section.103}{\376\377\000S\000t\000r\000u\000c\000t\000u\000r\000a\000l\000\040\000e\000n\000t\000i\000t\000l\000e\000m\000e\000n\000t}{part.77}% 11
\BOOKMARK [1][-]{section.117}{\376\377\000W\000h\000a\000t\000\040\000i\000n\000s\000i\000g\000h\000t\000\040\000i\000s}{part.77}% 12
\BOOKMARK [1][-]{section.126}{\376\377\000R\000e\000c\000o\000r\000d\000s\000\040\000o\000v\000e\000r\000\040\000a\000n\000y\000\040\000b\000a\000s\000e\000:\000\040\000t\000h\000e\000\040\000l\000a\000t\000c\000h}{part.77}% 13
\BOOKMARK [1][-]{section.151}{\376\377\000T\000h\000e\000\040\000w\000h\000o\000l\000e\000\040\000d\000i\000r\000e\000c\000t\000i\000o\000n}{part.77}% 14
\BOOKMARK [1][-]{section.162}{\376\377\000T\000h\000e\000\040\000s\000h\000a\000d\000o\000w\000,\000\040\000e\000x\000a\000c\000t\000l\000y}{part.77}% 15
\BOOKMARK [1][-]{section.173}{\376\377\000T\000h\000e\000\040\000d\000i\000a\000g\000o\000n\000a\000l}{part.77}% 16
\BOOKMARK [1][-]{section.187}{\376\377\000F\000i\000v\000e\000\040\000s\000m\000a\000l\000l\000\040\000m\000o\000d\000e\000l\000s}{part.77}% 17
\BOOKMARK [1][-]{section.210}{\376\377\000T\000h\000e\000\040\000p\000o\000i\000n\000t\000e\000r\000\040\000c\000o\000n\000j\000e\000c\000t\000u\000r\000e}{part.77}% 18
\BOOKMARK [0][-]{part.224}{\376\377\0004\000\040\000T\000h\000e\000\040\000m\000a\000c\000h\000i\000n\000e}{}% 19
\BOOKMARK [1][-]{section.225}{\376\377\000T\000h\000e\000\040\000s\000m\000a\000l\000l\000e\000s\000t\000\040\000h\000o\000n\000e\000s\000t\000\040\000m\000a\000c\000h\000i\000n\000e}{part.224}% 20
\BOOKMARK [1][-]{section.319}{\376\377\000E\000v\000e\000r\000y\000\040\000m\000o\000d\000e\000l}{part.224}% 21
\BOOKMARK [1][-]{section.329}{\376\377\000B\000u\000i\000l\000t\000\040\000f\000r\000o\000m\000\040\000p\000a\000r\000t\000s}{part.224}% 22
\BOOKMARK [1][-]{section.339}{\376\377\000R\000u\000n\000n\000i\000n\000g\000\040\000i\000t}{part.224}% 23
\BOOKMARK [1][-]{section.346}{\376\377\000T\000h\000e\000\040\000C\000H\000S\000H\000\040\000c\000h\000e\000c\000k}{part.224}% 24
\BOOKMARK [1][-]{section.368}{\376\377\000T\000h\000e\000\040\000c\000o\000u\000n\000t\000e\000r\000\040\000a\000g\000a\000i\000n\000s\000t\000\040\000p\000h\000y\000s\000i\000c\000s}{part.224}% 25
\BOOKMARK [0][-]{part.381}{\376\377\0005\000\040\000C\000h\000e\000c\000k\000i\000n\000g\000\040\000i\000t\000,\000\040\000a\000n\000d\000\040\000i\000t\000s\000\040\000e\000d\000g\000e}{}% 26
\BOOKMARK [1][-]{section.382}{\376\377\000W\000h\000a\000t\000\040\000C\000o\000q\000\040\000i\000s\000,\000\040\000a\000n\000d\000\040\000w\000h\000y}{part.381}% 27
\BOOKMARK [1][-]{section.396}{\376\377\000H\000o\000w\000\040\000t\000o\000\040\000b\000r\000e\000a\000k\000\040\000t\000h\000i\000s}{part.381}% 28
\BOOKMARK [1][-]{section.400}{\376\377\000T\000h\000e\000\040\000c\000l\000a\000i\000m\000\040\000l\000e\000d\000g\000e\000r}{part.381}% 29
\BOOKMARK [1][-]{section.415}{\376\377\000S\000c\000o\000p\000e}{part.381}% 30
\BOOKMARK [1][-]{section.416}{\376\377\000C\000o\000n\000c\000l\000u\000s\000i\000o\000n}{part.381}% 31
\BOOKMARK [1][-]{appendix.417}{\376\377\000T\000h\000i\000n\000g\000s\000\040\000I\000\040\000h\000a\000d\000\040\000t\000o\000\040\000l\000e\000a\000r\000n\000\040\000f\000i\000r\000s\000t}{part.381}% 32
\BOOKMARK [1][-]{appendix.427}{\376\377\000E\000v\000e\000r\000y\000\040\000a\000s\000s\000u\000m\000p\000t\000i\000o\000n\000\040\000i\000n\000\040\000o\000n\000e\000\040\000p\000l\000a\000c\000e}{part.381}% 33
\BOOKMARK [1][-]{appendix.436}{\376\377\000W\000h\000a\000t\000'\000s\000\040\000m\000i\000n\000e\000,\000\040\000a\000n\000d\000\040\000w\000h\000a\000t\000\040\000i\000s\000n\000'\000t}{part.381}% 34
\BOOKMARK [1][-]{appendix.452}{\376\377\000E\000v\000e\000r\000y\000\040\000r\000e\000s\000u\000l\000t\000\040\000a\000n\000d\000\040\000w\000h\000e\000r\000e\000\040\000i\000t\000\040\000i\000s\000\040\000c\000h\000e\000c\000k\000e\000d}{part.381}% 35
\BOOKMARK [1][-]{appendix.454}{\376\377\000T\000h\000e\000\040\000e\000x\000a\000c\000t\000\040\000w\000o\000r\000d\000s\000\040\000o\000f\000\040\000t\000w\000e\000n\000t\000y\000-\000o\000n\000e\000\040\000r\000e\000s\000u\000l\000t\000s}{part.381}% 36
\BOOKMARK [1][-]{appendix.476}{\376\377\000T\000h\000e\000\040\000C\000H\000S\000H\000\040\000d\000e\000r\000i\000v\000a\000t\000i\000o\000n\000,\000\040\000i\000n\000\040\000f\000u\000l\000l}{part.381}% 37
\BOOKMARK [1][-]{appendix.532}{\376\377\000C\000o\000n\000s\000t\000r\000u\000c\000t\000i\000n\000g\000\040\000t\000h\000e\000\040\000q\000u\000o\000t\000i\000n\000g\000\040\000o\000p\000e\000r\000a\000t\000i\000o\000n}{part.381}% 38
\BOOKMARK [1][-]{appendix.537}{\376\377\000S\000o\000u\000r\000c\000e\000s\000\040\000a\000n\000d\000\040\000m\000a\000t\000h\000e\000m\000a\000t\000i\000c\000a\000l\000\040\000d\000e\000p\000e\000n\000d\000e\000n\000c\000i\000e\000s}{part.381}% 39
