\BOOKMARK [0][-]{chapter.1}{\376\377\000I\000n\000t\000r\000o\000d\000u\000c\000t\000i\000o\000n}{}% 1
\BOOKMARK [1][-]{section.1.1}{\376\377\000S\000c\000o\000p\000e}{chapter.1}% 2
\BOOKMARK [0][-]{chapter.2}{\376\377\000N\000o\000t\000a\000t\000i\000o\000n\000\040\000a\000n\000d\000\040\000C\000o\000n\000v\000e\000n\000t\000i\000o\000n\000s}{}% 3
\BOOKMARK [0][-]{chapter.3}{\376\377\000C\000e\000r\000t\000i\000f\000i\000c\000a\000t\000i\000o\000n\000\040\000S\000y\000s\000t\000e\000m\000s\000\040\000a\000n\000d\000\040\000N\000o\000\040\000F\000r\000e\000e\000\040\000I\000n\000s\000i\000g\000h\000t}{}% 4
\BOOKMARK [1][-]{section.3.1}{\376\377\000A\0002\000\040\000a\000m\000o\000n\000g\000\040\000c\000o\000s\000t\000\040\000f\000r\000a\000m\000e\000w\000o\000r\000k\000s}{chapter.3}% 5
\BOOKMARK [1][-]{section.3.2}{\376\377\000S\000e\000v\000e\000r\000a\000l\000\040\000f\000l\000o\000o\000r\000s\000\040\000a\000n\000d\000\040\000o\000n\000e\000\040\000c\000h\000a\000r\000g\000e}{chapter.3}% 6
\BOOKMARK [0][-]{chapter.4}{\376\377\000F\000i\000n\000i\000t\000e\000\040\000M\000a\000c\000h\000i\000n\000e\000s\000\040\000a\000n\000d\000\040\000t\000h\000e\000\040\000P\000r\000i\000c\000e\000\040\000o\000f\000\040\000M\000e\000r\000g\000i\000n\000g}{}% 7
\BOOKMARK [1][-]{section.4.1}{\376\377\000E\000n\000t\000r\000o\000p\000y\000\040\000a\000n\000d\000\040\000h\000e\000a\000t}{chapter.4}% 8
\BOOKMARK [1][-]{section.4.2}{\376\377\000A\000n\000\040\000e\000i\000g\000h\000t\000-\000s\000t\000a\000t\000e\000\040\000i\000n\000s\000t\000a\000n\000c\000e}{chapter.4}% 9
\BOOKMARK [1][-]{section.4.3}{\376\377\000N\000o\000\040\000i\000n\000t\000r\000i\000n\000s\000i\000c\000\040\000j\000o\000u\000l\000e\000\040\000v\000a\000l\000u\000e}{chapter.4}% 10
\BOOKMARK [0][-]{chapter.5}{\376\377\000W\000i\000n\000d\000o\000w\000s\000,\000\040\000P\000r\000i\000c\000i\000n\000g\000\040\000a\000n\000d\000\040\000N\000a\000r\000r\000o\000w\000i\000n\000g}{}% 11
\BOOKMARK [0][-]{chapter.6}{\376\377\000T\000h\000e\000\040\000S\000m\000a\000l\000l\000\040\000M\000a\000c\000h\000i\000n\000e}{}% 12
\BOOKMARK [0][-]{chapter.7}{\376\377\000T\000h\000i\000e\000l\000e\000\040\000C\000o\000m\000p\000l\000e\000t\000e\000n\000e\000s\000s}{}% 13
\BOOKMARK [1][-]{section.7.1}{\376\377\000T\000h\000e\000\040\000w\000i\000n\000d\000o\000w\000\040\000t\000h\000e\000o\000r\000e\000m}{chapter.7}% 14
\BOOKMARK [1][-]{section.7.2}{\376\377\000E\000v\000e\000r\000y\000\040\000m\000o\000d\000e\000l\000\040\000o\000f\000\040\000c\000o\000m\000p\000u\000t\000a\000t\000i\000o\000n}{chapter.7}% 15
\BOOKMARK [1][-]{section.7.3}{\376\377\000C\000o\000m\000p\000o\000s\000i\000t\000i\000o\000n}{chapter.7}% 16
\BOOKMARK [1][-]{section.7.4}{\376\377\000E\000a\000c\000h\000\040\000c\000l\000a\000u\000s\000e\000\040\000i\000s\000\040\000n\000e\000e\000d\000e\000d}{chapter.7}% 17
\BOOKMARK [0][-]{chapter.8}{\376\377\000T\000h\000e\000\040\000U\000n\000i\000v\000e\000r\000s\000a\000l\000\040\000M\000a\000c\000h\000i\000n\000e}{}% 18
\BOOKMARK [1][-]{section.8.1}{\376\377\000T\000h\000e\000\040\000u\000n\000i\000v\000e\000r\000s\000a\000l\000\040\000h\000o\000s\000t}{chapter.8}% 19
\BOOKMARK [1][-]{section.8.2}{\376\377\000U}{chapter.8}% 20
\BOOKMARK [1][-]{section.8.3}{\376\377\000T\000h\000e\000\040\000p\000r\000i\000c\000e\000d\000\040\000h\000o\000s\000t\000\040\000a\000n\000d\000\040\000U\000P}{chapter.8}% 21
\BOOKMARK [1][-]{section.8.4}{\376\377\000A\000\040\000v\000e\000r\000i\000f\000i\000e\000d\000\040\000c\000o\000m\000p\000i\000l\000e\000r\000\040\000a\000n\000d\000\040\000t\000h\000e\000\040\000e\000x\000t\000r\000a\000c\000t\000e\000d\000\040\000m\000a\000c\000h\000i\000n\000e\000s}{chapter.8}% 22
\BOOKMARK [0][-]{chapter.9}{\376\377\000R\000e\000c\000u\000r\000s\000i\000o\000n\000\040\000a\000n\000d\000\040\000U\000n\000d\000e\000c\000i\000d\000a\000b\000i\000l\000i\000t\000y}{}% 23
\BOOKMARK [1][-]{section.9.1}{\376\377\000T\000h\000e\000\040\000t\000w\000o\000-\000c\000o\000u\000n\000t\000e\000r\000\040\000m\000a\000c\000h\000i\000n\000e\000\040\000i\000t\000s\000e\000l\000f}{chapter.9}% 24
\BOOKMARK [0][-]{chapter.10}{\376\377\000T\000h\000e\000\040\000R\000e\000c\000o\000r\000d\000\040\000A\000x\000i\000s}{}% 25
\BOOKMARK [1][-]{section.10.1}{\376\377\000G\000r\000o\000w\000i\000n\000g\000\040\000a\000n\000d\000\040\000p\000r\000o\000b\000a\000b\000i\000l\000i\000s\000t\000i\000c\000\040\000r\000e\000c\000o\000r\000d\000s}{chapter.10}% 26
\BOOKMARK [1][-]{section.10.2}{\376\377\000B\000a\000s\000e\000s}{chapter.10}% 27
\BOOKMARK [1][-]{section.10.3}{\376\377\000T\000h\000e\000\040\000r\000e\000c\000o\000r\000d\000\040\000o\000v\000e\000r\000\040\000a\000n\000y\000\040\000o\000r\000d\000e\000r}{chapter.10}% 28
\BOOKMARK [0][-]{chapter.11}{\376\377\000C\000H\000S\000H\000\040\000a\000n\000d\000\040\000T\000s\000i\000r\000e\000l\000s\000o\000n}{}% 29
\BOOKMARK [1][-]{section.11.1}{\376\377\000T\000h\000e\000\040\000c\000h\000e\000c\000k\000\040\000a\000s\000\040\000a\000\040\000p\000r\000o\000p\000e\000r\000t\000y\000\040\000o\000f\000\040\000t\000h\000e\000\040\000m\000u\000l\000t\000i\000-\000r\000e\000g\000i\000s\000t\000e\000r\000\040\000m\000a\000c\000h\000i\000n\000e}{chapter.11}% 30
\BOOKMARK [0][-]{chapter.12}{\376\377\000T\000h\000e\000\040\000P\000h\000y\000s\000i\000c\000a\000l\000\040\000B\000o\000u\000n\000d\000a\000r\000y}{}% 31
\BOOKMARK [0][-]{chapter.13}{\376\377\000E\000x\000t\000e\000r\000n\000a\000l\000\040\000S\000y\000s\000t\000e\000m\000s\000\040\000a\000n\000d\000\040\000t\000h\000e\000\040\000P\000o\000i\000n\000t\000e\000r\000\040\000T\000h\000e\000s\000i\000s}{}% 32
\BOOKMARK [1][-]{section.13.1}{\376\377\000T\000h\000e\000\040\000p\000o\000i\000n\000t\000e\000r\000\040\000c\000r\000i\000t\000e\000r\000i\000o\000n}{chapter.13}% 33
\BOOKMARK [0][-]{appendix.A}{\376\377\000P\000r\000o\000o\000f\000\040\000F\000i\000l\000e\000\040\000I\000n\000d\000e\000x}{}% 34
\BOOKMARK [0][-]{appendix.B}{\376\377\000E\000p\000i\000s\000t\000e\000m\000o\000l\000o\000g\000i\000c\000a\000l\000\040\000C\000l\000a\000s\000s\000i\000f\000i\000c\000a\000t\000i\000o\000n}{}% 35
